
Processing step2_backgroundPrediction.C+("configFile_JetMET2024_V12p35_nominal.txt")...
---- configuration ----
  corrTemplate1oP = 0
  corrTemplateIh = 0
  eopCut = 
  etaRange = Eta1
  fitIh = 1
  fitMom = 1
  ihLabel = 
  nPE = 200
  nWorkers = 25
  rebin = 1
  rebinEta = 4
  rebinIh = 4
  rebinMom = 2
  runSR = 1
  runVR = 0
  sample = /safe/ui3_1/cms/gcoulon/CMSSW_15_0_13_patch1/src/TupleAnalysis/output/JetMET2024_V12/JetMET2024_V12p35
  sampleType = data2024
  saveFits = 0
  sigmaPtCut = 
  takeAbsEta = 0
  useFit = 1
  useOld1oPFit = 1
  useOldIhFit = 0
-----------------------
dE/dx calibration (data2024): K=2.8202 C=2.9784
Input file:      JetMET2024_V12p35
Output file:     /safe/ui3_1/cms/gcoulon/CMSSW_15_0_13_patch1/src/TupleAnalysis/output/JetMET2024_V12/JetMET2024_V12p35_rebinEta4_rebinIh4_rebinP2_EtaReweighting_Eta1_OldFit_IhC
Ext:             _METanalysis_TestPUppiMETCut_Eta1
etaName:         _Eta1
Ih cut:          2.9784
abs(eta):        0

    Loading search region...
loading region regionA_3fp9_METanalysis_TestPUppiMETCut_Eta1    rebineta=4, rebinp=2, rebinih=4
1/p bin width = 1.2 GeV
loading region regionB_9fp10_METanalysis_TestPUppiMETCut_Eta1    rebineta=4, rebinp=2, rebinih=4
1/p bin width = 1.2 GeV
loading region regionC_3fp9_METanalysis_TestPUppiMETCut_Eta1    rebineta=4, rebinp=2, rebinih=4
1/p bin width = 1.2 GeV
loading region regionD_9fp10_METanalysis_TestPUppiMETCut_Eta1    rebineta=4, rebinp=2, rebinih=4
1/p bin width = 1.2 GeV
loading region regionD_9fp10_METanalysis_TestPUppiMETCut_Eta1    rebineta=4, rebinp=2, rebinih=4
1/p bin width = 1.2 GeV
    Background estimation, SR 9fp10...
Did the initial 1/p fit

ERREUR: 0/200 toys revenus — des workers ont crashe

Done: /safe/ui3_1/cms/gcoulon/CMSSW_15_0_13_patch1/src/TupleAnalysis/output/JetMET2024_V12/JetMET2024_V12p35_rebinEta4_rebinIh4_rebinP2_EtaReweighting_Eta1_OldFit_IhC.root
